// Jest Snapshot v1, https://goo.gl/fbAQLP

exports[`ArticleList component matches a snapshot 1`] = `
<DocumentFragment>
  <ul
    class="ArticleList"
    data-testid="articles"
  >
    <li>
      <a
        class="Article"
        href="url"
      >
        <figure>
          <img
            alt="title1"
            src="image"
          />
          <figcaption>
            title1
          </figcaption>
          <p>
            https://image.com
          </p>
          <p>
            description
          </p>
        </figure>
      </a>
    </li>
    <li>
      <a
        class="Article"
        href="url"
      >
        <figure>
          <img
            alt="title2"
            src="image"
          />
          <figcaption>
            title2
          </figcaption>
          <p>
            https://image.com
          </p>
          <p>
            description
          </p>
        </figure>
      </a>
    </li>
    <li>
      <a
        class="Article"
        href="url"
      >
        <figure>
          <img
            alt="title3"
            src="image"
          />
          <figcaption>
            title3
          </figcaption>
          <p>
            https://image.com
          </p>
          <p>
            description
          </p>
        </figure>
      </a>
    </li>
    <li>
      <a
        class="Article"
        href="url"
      >
        <figure>
          <img
            alt="title4"
            src="image"
          />
          <figcaption>
            title4
          </figcaption>
          <p>
            https://image.com
          </p>
          <p>
            description
          </p>
        </figure>
      </a>
    </li>
  </ul>
</DocumentFragment>
`;
